// Jest Snapshot v1, https://goo.gl/fbAQLP

exports[`notify all players of new game 1`] = `
Object {
  "db": Object {
    "games": Object {
      "aaaaaaaa-aaaa-aaaa-aaaa-aaaaaaaaaaaa": Object {
        "id": "aaaaaaaa-aaaa-aaaa-aaaa-aaaaaaaaaaaa",
        "notified_players": Object {
          "123456": true,
          "234567": true,
          "345678": true,
          "456789": true,
          "567890": true,
        },
        "players": Object {
          "123456": true,
          "234567": true,
          "345678": true,
          "456789": true,
          "567890": true,
        },
      },
    },
    "hands": Object {
      "aaaaaaaa-aaaa-aaaa-aaaa-aaaaaaaaaaaa": Object {
        "123456": Object {
          "cards": Object {
            "1015": true,
            "1039": true,
            "1040": true,
            "268": true,
            "310": true,
            "444": true,
            "597": true,
            "640": true,
            "714": true,
            "748": true,
          },
          "game": "aaaaaaaa-aaaa-aaaa-aaaa-aaaaaaaaaaaa",
          "player": 123456,
        },
        "234567": Object {
          "cards": Object {
            "188": true,
            "218": true,
            "370": true,
            "429": true,
            "485": true,
            "624": true,
            "629": true,
            "725": true,
            "779": true,
            "951": true,
          },
          "game": "aaaaaaaa-aaaa-aaaa-aaaa-aaaaaaaaaaaa",
          "player": 234567,
        },
        "345678": Object {
          "cards": Object {
            "175": true,
            "252": true,
            "322": true,
            "458": true,
            "582": true,
            "590": true,
            "609": true,
            "900": true,
            "965": true,
            "999": true,
          },
          "game": "aaaaaaaa-aaaa-aaaa-aaaa-aaaaaaaaaaaa",
          "player": 345678,
        },
        "456789": Object {
          "cards": Object {
            "117": true,
            "241": true,
            "244": true,
            "334": true,
            "470": true,
            "498": true,
            "524": true,
            "593": true,
            "855": true,
            "898": true,
          },
          "game": "aaaaaaaa-aaaa-aaaa-aaaa-aaaaaaaaaaaa",
          "player": 456789,
        },
        "567890": Object {
          "cards": Object {
            "125": true,
            "227": true,
            "31": true,
            "32": true,
            "36": true,
            "530": true,
            "597": true,
            "604": true,
            "605": true,
            "729": true,
          },
          "game": "aaaaaaaa-aaaa-aaaa-aaaa-aaaaaaaaaaaa",
          "player": 567890,
        },
      },
    },
    "players": Object {
      "facebook": Object {
        "123456": Object {
          "first_name": "Ray",
          "games": Object {
            "aaaaaaaa-aaaa-aaaa-aaaa-aaaaaaaaaaaa": true,
          },
          "id": 123456,
          "platform": "facebook",
        },
        "234567": Object {
          "first_name": "Hermon",
          "games": Object {
            "aaaaaaaa-aaaa-aaaa-aaaa-aaaaaaaaaaaa": true,
          },
          "id": 234567,
          "platform": "facebook",
        },
        "345678": Object {
          "first_name": "Hermes",
          "games": Object {
            "aaaaaaaa-aaaa-aaaa-aaaa-aaaaaaaaaaaa": true,
          },
          "id": 345678,
          "platform": "facebook",
        },
        "456789": Object {
          "first_name": "Hermshire",
          "games": Object {
            "aaaaaaaa-aaaa-aaaa-aaaa-aaaaaaaaaaaa": true,
          },
          "id": 456789,
          "platform": "facebook",
        },
        "567890": Object {
          "first_name": "Hermda",
          "games": Object {
            "aaaaaaaa-aaaa-aaaa-aaaa-aaaaaaaaaaaa": true,
          },
          "id": 567890,
          "platform": "facebook",
        },
      },
    },
    "queue": Object {},
    "rounds": Object {
      "aaaaaaaa-aaaa-aaaa-aaaa-aaaaaaaaaaaa": Object {
        "aaaaaaaa-aaaa-aaaa-aaaa-aaaaaaaaaaaa": Object {
          "game": "aaaaaaaa-aaaa-aaaa-aaaa-aaaaaaaaaaaa",
          "id": "aaaaaaaa-aaaa-aaaa-aaaa-aaaaaaaaaaaa",
        },
      },
    },
  },
  "results": Object {
    "action": "start",
    "game": Object {
      "id": "aaaaaaaa-aaaa-aaaa-aaaa-aaaaaaaaaaaa",
      "notified_players": Object {
        "567890": true,
      },
      "players": Object {
        "123456": true,
        "234567": true,
        "345678": true,
        "456789": true,
        "567890": true,
      },
    },
    "messages": Array [
      Object {
        "payload": Object {
          "players": Array [
            Object {
              "first_name": "Ray",
              "id": "123456",
            },
            Object {
              "first_name": "Hermon",
              "id": "234567",
            },
            Object {
              "first_name": "Hermes",
              "id": "345678",
            },
            Object {
              "first_name": "Hermshire",
              "id": "456789",
            },
            Object {
              "first_name": "Hermda",
              "id": "567890",
            },
          ],
        },
        "type": "notify-game-started-message",
      },
    ],
    "players": Array [
      Object {
        "first_name": "Ray",
        "id": 123456,
        "platform": "facebook",
      },
      Object {
        "first_name": "Hermon",
        "id": 234567,
        "platform": "facebook",
      },
      Object {
        "first_name": "Hermes",
        "id": 345678,
        "platform": "facebook",
      },
      Object {
        "first_name": "Hermshire",
        "id": 456789,
        "platform": "facebook",
      },
      Object {
        "first_name": "Hermda",
        "id": 567890,
        "platform": "facebook",
      },
    ],
    "unnotifiedPlayers": Array [
      Object {
        "first_name": "Ray",
        "id": 123456,
        "platform": "facebook",
      },
      Object {
        "first_name": "Hermon",
        "id": 234567,
        "platform": "facebook",
      },
      Object {
        "first_name": "Hermes",
        "id": 345678,
        "platform": "facebook",
      },
      Object {
        "first_name": "Hermshire",
        "id": 456789,
        "platform": "facebook",
      },
    ],
  },
}
`;
